--------------------------------------------------------------------------------
Release 14.7 Trace  (lin64)
Copyright (c) 1995-2013 Xilinx, Inc.  All rights reserved.

/opt/Xilinx/14.7/ISE_DS/ISE/bin/lin64/unwrapped/trce -intstyle ise -v 3 -s 3 -n
3 -fastpaths -xml DEA.twx DEA.ncd -o DEA.twr DEA.pcf -ucf DEA.ucf

Design file:              DEA.ncd
Physical constraint file: DEA.pcf
Device,package,speed:     xc7a100t,csg324,C,-3 (PRODUCTION 1.10 2013-10-13)
Report level:             verbose report

Environment Variable      Effect 
--------------------      ------ 
NONE                      No environment variables were set
--------------------------------------------------------------------------------

INFO:Timing:3412 - To improve timing, see the Timing Closure User Guide (UG612).
INFO:Timing:2752 - To get complete path coverage, use the unconstrained paths 
   option. All paths that are not constrained will be reported in the 
   unconstrained paths section(s) of the report.
INFO:Timing:3339 - The clock-to-out numbers in this timing report are based on 
   a 50 Ohm transmission line loading model.  For the details of this model, 
   and for more information on accounting for different loading conditions, 
   please see the device datasheet.

================================================================================
Timing constraint: NET "Clk_100M_BUFGP/IBUFG" PERIOD = 10 ns HIGH 5 ns;
For more information, see Period Analysis in the Timing Closure User Guide (UG612).

 5352 paths analyzed, 919 endpoints analyzed, 0 failing endpoints
 0 timing errors detected. (0 setup errors, 0 hold errors, 0 component switching limit errors)
 Minimum period is   4.017ns.
--------------------------------------------------------------------------------

Paths for end point Mram_result1_RAMA (SLICE_X6Y84.CE), 39 paths
--------------------------------------------------------------------------------
Slack (setup path):     5.983ns (requirement - (data path - clock path skew + uncertainty))
  Source:               sizeOfDataInByte_6 (FF)
  Destination:          Mram_result1_RAMA (RAM)
  Requirement:          10.000ns
  Data Path Delay:      3.994ns (Levels of Logic = 3)
  Clock Path Skew:      0.012ns (0.635 - 0.623)
  Source Clock:         Clk_100M_BUFGP rising at 0.000ns
  Destination Clock:    Clk_100M_BUFGP rising at 10.000ns
  Clock Uncertainty:    0.035ns

  Clock Uncertainty:          0.035ns  ((TSJ^2 + TIJ^2)^1/2 + DJ) / 2 + PE
    Total System Jitter (TSJ):  0.070ns
    Total Input Jitter (TIJ):   0.000ns
    Discrete Jitter (DJ):       0.000ns
    Phase Error (PE):           0.000ns

  Maximum Data Path at Slow Process Corner: sizeOfDataInByte_6 to Mram_result1_RAMA
    Location             Delay type         Delay(ns)  Physical Resource
                                                       Logical Resource(s)
    -------------------------------------------------  -------------------
    SLICE_X9Y90.CQ       Tcko                  0.341   sizeOfDataInByte<7>
                                                       sizeOfDataInByte_6
    SLICE_X9Y86.A1       net (fanout=10)       0.867   sizeOfDataInByte<6>
    SLICE_X9Y86.A        Tilo                  0.097   N27
                                                       index[7]_sizeOfDataInByte[7]_LessThan_53_o1_SW3
    SLICE_X9Y86.C1       net (fanout=2)        0.498   N28
    SLICE_X9Y86.CMUX     Tilo                  0.415   N27
                                                       index[7]_encrypt_Ready_AND_4_o1_G
                                                       index[7]_encrypt_Ready_AND_4_o1
    SLICE_X7Y83.A2       net (fanout=5)        0.914   index[7]_encrypt_Ready_AND_4_o
    SLICE_X7Y83.A        Tilo                  0.097   LEDs_8_OBUF
                                                       write_ctrl2
    SLICE_X6Y84.CE       net (fanout=3)        0.381   write_ctrl2
    SLICE_X6Y84.CLK      Tceck                 0.384   Mram_result1_RAMD_O
                                                       Mram_result1_RAMA
    -------------------------------------------------  ---------------------------
    Total                                      3.994ns (1.334ns logic, 2.660ns route)
                                                       (33.4% logic, 66.6% route)

--------------------------------------------------------------------------------
Slack (setup path):     5.987ns (requirement - (data path - clock path skew + uncertainty))
  Source:               sizeOfDataInByte_6 (FF)
  Destination:          Mram_result1_RAMA (RAM)
  Requirement:          10.000ns
  Data Path Delay:      3.990ns (Levels of Logic = 3)
  Clock Path Skew:      0.012ns (0.635 - 0.623)
  Source Clock:         Clk_100M_BUFGP rising at 0.000ns
  Destination Clock:    Clk_100M_BUFGP rising at 10.000ns
  Clock Uncertainty:    0.035ns

  Clock Uncertainty:          0.035ns  ((TSJ^2 + TIJ^2)^1/2 + DJ) / 2 + PE
    Total System Jitter (TSJ):  0.070ns
    Total Input Jitter (TIJ):   0.000ns
    Discrete Jitter (DJ):       0.000ns
    Phase Error (PE):           0.000ns

  Maximum Data Path at Slow Process Corner: sizeOfDataInByte_6 to Mram_result1_RAMA
    Location             Delay type         Delay(ns)  Physical Resource
                                                       Logical Resource(s)
    -------------------------------------------------  -------------------
    SLICE_X9Y90.CQ       Tcko                  0.341   sizeOfDataInByte<7>
                                                       sizeOfDataInByte_6
    SLICE_X9Y86.A1       net (fanout=10)       0.867   sizeOfDataInByte<6>
    SLICE_X9Y86.A        Tilo                  0.097   N27
                                                       index[7]_sizeOfDataInByte[7]_LessThan_53_o1_SW3
    SLICE_X9Y86.D1       net (fanout=2)        0.501   N28
    SLICE_X9Y86.CMUX     Topdc                 0.408   N27
                                                       index[7]_encrypt_Ready_AND_4_o1_F
                                                       index[7]_encrypt_Ready_AND_4_o1
    SLICE_X7Y83.A2       net (fanout=5)        0.914   index[7]_encrypt_Ready_AND_4_o
    SLICE_X7Y83.A        Tilo                  0.097   LEDs_8_OBUF
                                                       write_ctrl2
    SLICE_X6Y84.CE       net (fanout=3)        0.381   write_ctrl2
    SLICE_X6Y84.CLK      Tceck                 0.384   Mram_result1_RAMD_O
                                                       Mram_result1_RAMA
    -------------------------------------------------  ---------------------------
    Total                                      3.990ns (1.327ns logic, 2.663ns route)
                                                       (33.3% logic, 66.7% route)

--------------------------------------------------------------------------------
Slack (setup path):     6.019ns (requirement - (data path - clock path skew + uncertainty))
  Source:               sizeOfDataInByte_5 (FF)
  Destination:          Mram_result1_RAMA (RAM)
  Requirement:          10.000ns
  Data Path Delay:      3.958ns (Levels of Logic = 3)
  Clock Path Skew:      0.012ns (0.635 - 0.623)
  Source Clock:         Clk_100M_BUFGP rising at 0.000ns
  Destination Clock:    Clk_100M_BUFGP rising at 10.000ns
  Clock Uncertainty:    0.035ns

  Clock Uncertainty:          0.035ns  ((TSJ^2 + TIJ^2)^1/2 + DJ) / 2 + PE
    Total System Jitter (TSJ):  0.070ns
    Total Input Jitter (TIJ):   0.000ns
    Discrete Jitter (DJ):       0.000ns
    Phase Error (PE):           0.000ns

  Maximum Data Path at Slow Process Corner: sizeOfDataInByte_5 to Mram_result1_RAMA
    Location             Delay type         Delay(ns)  Physical Resource
                                                       Logical Resource(s)
    -------------------------------------------------  -------------------
    SLICE_X9Y90.BQ       Tcko                  0.341   sizeOfDataInByte<7>
                                                       sizeOfDataInByte_5
    SLICE_X9Y86.A2       net (fanout=10)       0.831   sizeOfDataInByte<5>
    SLICE_X9Y86.A        Tilo                  0.097   N27
                                                       index[7]_sizeOfDataInByte[7]_LessThan_53_o1_SW3
    SLICE_X9Y86.C1       net (fanout=2)        0.498   N28
    SLICE_X9Y86.CMUX     Tilo                  0.415   N27
                                                       index[7]_encrypt_Ready_AND_4_o1_G
                                                       index[7]_encrypt_Ready_AND_4_o1
    SLICE_X7Y83.A2       net (fanout=5)        0.914   index[7]_encrypt_Ready_AND_4_o
    SLICE_X7Y83.A        Tilo                  0.097   LEDs_8_OBUF
                                                       write_ctrl2
    SLICE_X6Y84.CE       net (fanout=3)        0.381   write_ctrl2
    SLICE_X6Y84.CLK      Tceck                 0.384   Mram_result1_RAMD_O
                                                       Mram_result1_RAMA
    -------------------------------------------------  ---------------------------
    Total                                      3.958ns (1.334ns logic, 2.624ns route)
                                                       (33.7% logic, 66.3% route)

--------------------------------------------------------------------------------

Paths for end point Mram_result1_RAMB (SLICE_X6Y84.CE), 39 paths
--------------------------------------------------------------------------------
Slack (setup path):     5.983ns (requirement - (data path - clock path skew + uncertainty))
  Source:               sizeOfDataInByte_6 (FF)
  Destination:          Mram_result1_RAMB (RAM)
  Requirement:          10.000ns
  Data Path Delay:      3.994ns (Levels of Logic = 3)
  Clock Path Skew:      0.012ns (0.635 - 0.623)
  Source Clock:         Clk_100M_BUFGP rising at 0.000ns
  Destination Clock:    Clk_100M_BUFGP rising at 10.000ns
  Clock Uncertainty:    0.035ns

  Clock Uncertainty:          0.035ns  ((TSJ^2 + TIJ^2)^1/2 + DJ) / 2 + PE
    Total System Jitter (TSJ):  0.070ns
    Total Input Jitter (TIJ):   0.000ns
    Discrete Jitter (DJ):       0.000ns
    Phase Error (PE):           0.000ns

  Maximum Data Path at Slow Process Corner: sizeOfDataInByte_6 to Mram_result1_RAMB
    Location             Delay type         Delay(ns)  Physical Resource
                                                       Logical Resource(s)
    -------------------------------------------------  -------------------
    SLICE_X9Y90.CQ       Tcko                  0.341   sizeOfDataInByte<7>
                                                       sizeOfDataInByte_6
    SLICE_X9Y86.A1       net (fanout=10)       0.867   sizeOfDataInByte<6>
    SLICE_X9Y86.A        Tilo                  0.097   N27
                                                       index[7]_sizeOfDataInByte[7]_LessThan_53_o1_SW3
    SLICE_X9Y86.C1       net (fanout=2)        0.498   N28
    SLICE_X9Y86.CMUX     Tilo                  0.415   N27
                                                       index[7]_encrypt_Ready_AND_4_o1_G
                                                       index[7]_encrypt_Ready_AND_4_o1
    SLICE_X7Y83.A2       net (fanout=5)        0.914   index[7]_encrypt_Ready_AND_4_o
    SLICE_X7Y83.A        Tilo                  0.097   LEDs_8_OBUF
                                                       write_ctrl2
    SLICE_X6Y84.CE       net (fanout=3)        0.381   write_ctrl2
    SLICE_X6Y84.CLK      Tceck                 0.384   Mram_result1_RAMD_O
                                                       Mram_result1_RAMB
    -------------------------------------------------  ---------------------------
    Total                                      3.994ns (1.334ns logic, 2.660ns route)
                                                       (33.4% logic, 66.6% route)

--------------------------------------------------------------------------------
Slack (setup path):     5.987ns (requirement - (data path - clock path skew + uncertainty))
  Source:               sizeOfDataInByte_6 (FF)
  Destination:          Mram_result1_RAMB (RAM)
  Requirement:          10.000ns
  Data Path Delay:      3.990ns (Levels of Logic = 3)
  Clock Path Skew:      0.012ns (0.635 - 0.623)
  Source Clock:         Clk_100M_BUFGP rising at 0.000ns
  Destination Clock:    Clk_100M_BUFGP rising at 10.000ns
  Clock Uncertainty:    0.035ns

  Clock Uncertainty:          0.035ns  ((TSJ^2 + TIJ^2)^1/2 + DJ) / 2 + PE
    Total System Jitter (TSJ):  0.070ns
    Total Input Jitter (TIJ):   0.000ns
    Discrete Jitter (DJ):       0.000ns
    Phase Error (PE):           0.000ns

  Maximum Data Path at Slow Process Corner: sizeOfDataInByte_6 to Mram_result1_RAMB
    Location             Delay type         Delay(ns)  Physical Resource
                                                       Logical Resource(s)
    -------------------------------------------------  -------------------
    SLICE_X9Y90.CQ       Tcko                  0.341   sizeOfDataInByte<7>
                                                       sizeOfDataInByte_6
    SLICE_X9Y86.A1       net (fanout=10)       0.867   sizeOfDataInByte<6>
    SLICE_X9Y86.A        Tilo                  0.097   N27
                                                       index[7]_sizeOfDataInByte[7]_LessThan_53_o1_SW3
    SLICE_X9Y86.D1       net (fanout=2)        0.501   N28
    SLICE_X9Y86.CMUX     Topdc                 0.408   N27
                                                       index[7]_encrypt_Ready_AND_4_o1_F
                                                       index[7]_encrypt_Ready_AND_4_o1
    SLICE_X7Y83.A2       net (fanout=5)        0.914   index[7]_encrypt_Ready_AND_4_o
    SLICE_X7Y83.A        Tilo                  0.097   LEDs_8_OBUF
                                                       write_ctrl2
    SLICE_X6Y84.CE       net (fanout=3)        0.381   write_ctrl2
    SLICE_X6Y84.CLK      Tceck                 0.384   Mram_result1_RAMD_O
                                                       Mram_result1_RAMB
    -------------------------------------------------  ---------------------------
    Total                                      3.990ns (1.327ns logic, 2.663ns route)
                                                       (33.3% logic, 66.7% route)

--------------------------------------------------------------------------------
Slack (setup path):     6.019ns (requirement - (data path - clock path skew + uncertainty))
  Source:               sizeOfDataInByte_5 (FF)
  Destination:          Mram_result1_RAMB (RAM)
  Requirement:          10.000ns
  Data Path Delay:      3.958ns (Levels of Logic = 3)
  Clock Path Skew:      0.012ns (0.635 - 0.623)
  Source Clock:         Clk_100M_BUFGP rising at 0.000ns
  Destination Clock:    Clk_100M_BUFGP rising at 10.000ns
  Clock Uncertainty:    0.035ns

  Clock Uncertainty:          0.035ns  ((TSJ^2 + TIJ^2)^1/2 + DJ) / 2 + PE
    Total System Jitter (TSJ):  0.070ns
    Total Input Jitter (TIJ):   0.000ns
    Discrete Jitter (DJ):       0.000ns
    Phase Error (PE):           0.000ns

  Maximum Data Path at Slow Process Corner: sizeOfDataInByte_5 to Mram_result1_RAMB
    Location             Delay type         Delay(ns)  Physical Resource
                                                       Logical Resource(s)
    -------------------------------------------------  -------------------
    SLICE_X9Y90.BQ       Tcko                  0.341   sizeOfDataInByte<7>
                                                       sizeOfDataInByte_5
    SLICE_X9Y86.A2       net (fanout=10)       0.831   sizeOfDataInByte<5>
    SLICE_X9Y86.A        Tilo                  0.097   N27
                                                       index[7]_sizeOfDataInByte[7]_LessThan_53_o1_SW3
    SLICE_X9Y86.C1       net (fanout=2)        0.498   N28
    SLICE_X9Y86.CMUX     Tilo                  0.415   N27
                                                       index[7]_encrypt_Ready_AND_4_o1_G
                                                       index[7]_encrypt_Ready_AND_4_o1
    SLICE_X7Y83.A2       net (fanout=5)        0.914   index[7]_encrypt_Ready_AND_4_o
    SLICE_X7Y83.A        Tilo                  0.097   LEDs_8_OBUF
                                                       write_ctrl2
    SLICE_X6Y84.CE       net (fanout=3)        0.381   write_ctrl2
    SLICE_X6Y84.CLK      Tceck                 0.384   Mram_result1_RAMD_O
                                                       Mram_result1_RAMB
    -------------------------------------------------  ---------------------------
    Total                                      3.958ns (1.334ns logic, 2.624ns route)
                                                       (33.7% logic, 66.3% route)

--------------------------------------------------------------------------------

Paths for end point Mram_result1_RAMC (SLICE_X6Y84.CE), 39 paths
--------------------------------------------------------------------------------
Slack (setup path):     5.983ns (requirement - (data path - clock path skew + uncertainty))
  Source:               sizeOfDataInByte_6 (FF)
  Destination:          Mram_result1_RAMC (RAM)
  Requirement:          10.000ns
  Data Path Delay:      3.994ns (Levels of Logic = 3)
  Clock Path Skew:      0.012ns (0.635 - 0.623)
  Source Clock:         Clk_100M_BUFGP rising at 0.000ns
  Destination Clock:    Clk_100M_BUFGP rising at 10.000ns
  Clock Uncertainty:    0.035ns

  Clock Uncertainty:          0.035ns  ((TSJ^2 + TIJ^2)^1/2 + DJ) / 2 + PE
    Total System Jitter (TSJ):  0.070ns
    Total Input Jitter (TIJ):   0.000ns
    Discrete Jitter (DJ):       0.000ns
    Phase Error (PE):           0.000ns

  Maximum Data Path at Slow Process Corner: sizeOfDataInByte_6 to Mram_result1_RAMC
    Location             Delay type         Delay(ns)  Physical Resource
                                                       Logical Resource(s)
    -------------------------------------------------  -------------------
    SLICE_X9Y90.CQ       Tcko                  0.341   sizeOfDataInByte<7>
                                                       sizeOfDataInByte_6
    SLICE_X9Y86.A1       net (fanout=10)       0.867   sizeOfDataInByte<6>
    SLICE_X9Y86.A        Tilo                  0.097   N27
                                                       index[7]_sizeOfDataInByte[7]_LessThan_53_o1_SW3
    SLICE_X9Y86.C1       net (fanout=2)        0.498   N28
    SLICE_X9Y86.CMUX     Tilo                  0.415   N27
                                                       index[7]_encrypt_Ready_AND_4_o1_G
                                                       index[7]_encrypt_Ready_AND_4_o1
    SLICE_X7Y83.A2       net (fanout=5)        0.914   index[7]_encrypt_Ready_AND_4_o
    SLICE_X7Y83.A        Tilo                  0.097   LEDs_8_OBUF
                                                       write_ctrl2
    SLICE_X6Y84.CE       net (fanout=3)        0.381   write_ctrl2
    SLICE_X6Y84.CLK      Tceck                 0.384   Mram_result1_RAMD_O
                                                       Mram_result1_RAMC
    -------------------------------------------------  ---------------------------
    Total                                      3.994ns (1.334ns logic, 2.660ns route)
                                                       (33.4% logic, 66.6% route)

--------------------------------------------------------------------------------
Slack (setup path):     5.987ns (requirement - (data path - clock path skew + uncertainty))
  Source:               sizeOfDataInByte_6 (FF)
  Destination:          Mram_result1_RAMC (RAM)
  Requirement:          10.000ns
  Data Path Delay:      3.990ns (Levels of Logic = 3)
  Clock Path Skew:      0.012ns (0.635 - 0.623)
  Source Clock:         Clk_100M_BUFGP rising at 0.000ns
  Destination Clock:    Clk_100M_BUFGP rising at 10.000ns
  Clock Uncertainty:    0.035ns

  Clock Uncertainty:          0.035ns  ((TSJ^2 + TIJ^2)^1/2 + DJ) / 2 + PE
    Total System Jitter (TSJ):  0.070ns
    Total Input Jitter (TIJ):   0.000ns
    Discrete Jitter (DJ):       0.000ns
    Phase Error (PE):           0.000ns

  Maximum Data Path at Slow Process Corner: sizeOfDataInByte_6 to Mram_result1_RAMC
    Location             Delay type         Delay(ns)  Physical Resource
                                                       Logical Resource(s)
    -------------------------------------------------  -------------------
    SLICE_X9Y90.CQ       Tcko                  0.341   sizeOfDataInByte<7>
                                                       sizeOfDataInByte_6
    SLICE_X9Y86.A1       net (fanout=10)       0.867   sizeOfDataInByte<6>
    SLICE_X9Y86.A        Tilo                  0.097   N27
                                                       index[7]_sizeOfDataInByte[7]_LessThan_53_o1_SW3
    SLICE_X9Y86.D1       net (fanout=2)        0.501   N28
    SLICE_X9Y86.CMUX     Topdc                 0.408   N27
                                                       index[7]_encrypt_Ready_AND_4_o1_F
                                                       index[7]_encrypt_Ready_AND_4_o1
    SLICE_X7Y83.A2       net (fanout=5)        0.914   index[7]_encrypt_Ready_AND_4_o
    SLICE_X7Y83.A        Tilo                  0.097   LEDs_8_OBUF
                                                       write_ctrl2
    SLICE_X6Y84.CE       net (fanout=3)        0.381   write_ctrl2
    SLICE_X6Y84.CLK      Tceck                 0.384   Mram_result1_RAMD_O
                                                       Mram_result1_RAMC
    -------------------------------------------------  ---------------------------
    Total                                      3.990ns (1.327ns logic, 2.663ns route)
                                                       (33.3% logic, 66.7% route)

--------------------------------------------------------------------------------
Slack (setup path):     6.019ns (requirement - (data path - clock path skew + uncertainty))
  Source:               sizeOfDataInByte_5 (FF)
  Destination:          Mram_result1_RAMC (RAM)
  Requirement:          10.000ns
  Data Path Delay:      3.958ns (Levels of Logic = 3)
  Clock Path Skew:      0.012ns (0.635 - 0.623)
  Source Clock:         Clk_100M_BUFGP rising at 0.000ns
  Destination Clock:    Clk_100M_BUFGP rising at 10.000ns
  Clock Uncertainty:    0.035ns

  Clock Uncertainty:          0.035ns  ((TSJ^2 + TIJ^2)^1/2 + DJ) / 2 + PE
    Total System Jitter (TSJ):  0.070ns
    Total Input Jitter (TIJ):   0.000ns
    Discrete Jitter (DJ):       0.000ns
    Phase Error (PE):           0.000ns

  Maximum Data Path at Slow Process Corner: sizeOfDataInByte_5 to Mram_result1_RAMC
    Location             Delay type         Delay(ns)  Physical Resource
                                                       Logical Resource(s)
    -------------------------------------------------  -------------------
    SLICE_X9Y90.BQ       Tcko                  0.341   sizeOfDataInByte<7>
                                                       sizeOfDataInByte_5
    SLICE_X9Y86.A2       net (fanout=10)       0.831   sizeOfDataInByte<5>
    SLICE_X9Y86.A        Tilo                  0.097   N27
                                                       index[7]_sizeOfDataInByte[7]_LessThan_53_o1_SW3
    SLICE_X9Y86.C1       net (fanout=2)        0.498   N28
    SLICE_X9Y86.CMUX     Tilo                  0.415   N27
                                                       index[7]_encrypt_Ready_AND_4_o1_G
                                                       index[7]_encrypt_Ready_AND_4_o1
    SLICE_X7Y83.A2       net (fanout=5)        0.914   index[7]_encrypt_Ready_AND_4_o
    SLICE_X7Y83.A        Tilo                  0.097   LEDs_8_OBUF
                                                       write_ctrl2
    SLICE_X6Y84.CE       net (fanout=3)        0.381   write_ctrl2
    SLICE_X6Y84.CLK      Tceck                 0.384   Mram_result1_RAMD_O
                                                       Mram_result1_RAMC
    -------------------------------------------------  ---------------------------
    Total                                      3.958ns (1.334ns logic, 2.624ns route)
                                                       (33.7% logic, 66.3% route)

--------------------------------------------------------------------------------

Hold Paths: NET "Clk_100M_BUFGP/IBUFG" PERIOD = 10 ns HIGH 5 ns;
--------------------------------------------------------------------------------

Paths for end point Mram_result1_RAMA (SLICE_X6Y84.AI), 1 path
--------------------------------------------------------------------------------
Slack (hold path):      0.047ns (requirement - (clock path skew + uncertainty - data path))
  Source:               encryption/DataOut_0 (FF)
  Destination:          Mram_result1_RAMA (RAM)
  Requirement:          0.000ns
  Data Path Delay:      0.060ns (Levels of Logic = 0)
  Clock Path Skew:      0.013ns (0.071 - 0.058)
  Source Clock:         Clk_100M_BUFGP rising at 10.000ns
  Destination Clock:    Clk_100M_BUFGP rising at 10.000ns
  Clock Uncertainty:    0.000ns

  Minimum Data Path at Fast Process Corner: encryption/DataOut_0 to Mram_result1_RAMA
    Location             Delay type         Delay(ns)  Physical Resource
                                                       Logical Resource(s)
    -------------------------------------------------  -------------------
    SLICE_X7Y84.AQ       Tcko                  0.141   encryption/DataOut<3>
                                                       encryption/DataOut_0
    SLICE_X6Y84.AI       net (fanout=2)        0.066   encryption/DataOut<0>
    SLICE_X6Y84.CLK      Tdh         (-Th)     0.147   Mram_result1_RAMD_O
                                                       Mram_result1_RAMA
    -------------------------------------------------  ---------------------------
    Total                                      0.060ns (-0.006ns logic, 0.066ns route)
                                                       (-10.0% logic, 110.0% route)

--------------------------------------------------------------------------------

Paths for end point Mram_result4_RAMA (SLICE_X6Y83.AI), 1 path
--------------------------------------------------------------------------------
Slack (hold path):      0.098ns (requirement - (clock path skew + uncertainty - data path))
  Source:               encryption/DataOut_0 (FF)
  Destination:          Mram_result4_RAMA (RAM)
  Requirement:          0.000ns
  Data Path Delay:      0.111ns (Levels of Logic = 0)
  Clock Path Skew:      0.013ns (0.080 - 0.067)
  Source Clock:         Clk_100M_BUFGP rising at 10.000ns
  Destination Clock:    Clk_100M_BUFGP rising at 10.000ns
  Clock Uncertainty:    0.000ns

  Minimum Data Path at Fast Process Corner: encryption/DataOut_0 to Mram_result4_RAMA
    Location             Delay type         Delay(ns)  Physical Resource
                                                       Logical Resource(s)
    -------------------------------------------------  -------------------
    SLICE_X7Y84.AQ       Tcko                  0.141   encryption/DataOut<3>
                                                       encryption/DataOut_0
    SLICE_X6Y83.AI       net (fanout=2)        0.117   encryption/DataOut<0>
    SLICE_X6Y83.CLK      Tdh         (-Th)     0.147   Mram_result4_RAMD_O
                                                       Mram_result4_RAMA
    -------------------------------------------------  ---------------------------
    Total                                      0.111ns (-0.006ns logic, 0.117ns route)
                                                       (-5.4% logic, 105.4% route)

--------------------------------------------------------------------------------

Paths for end point Mram_result4_RAMB (SLICE_X6Y83.BI), 1 path
--------------------------------------------------------------------------------
Slack (hold path):      0.099ns (requirement - (clock path skew + uncertainty - data path))
  Source:               encryption/DataOut_1 (FF)
  Destination:          Mram_result4_RAMB (RAM)
  Requirement:          0.000ns
  Data Path Delay:      0.112ns (Levels of Logic = 0)
  Clock Path Skew:      0.013ns (0.080 - 0.067)
  Source Clock:         Clk_100M_BUFGP rising at 10.000ns
  Destination Clock:    Clk_100M_BUFGP rising at 10.000ns
  Clock Uncertainty:    0.000ns

  Minimum Data Path at Fast Process Corner: encryption/DataOut_1 to Mram_result4_RAMB
    Location             Delay type         Delay(ns)  Physical Resource
                                                       Logical Resource(s)
    -------------------------------------------------  -------------------
    SLICE_X7Y84.BQ       Tcko                  0.141   encryption/DataOut<3>
                                                       encryption/DataOut_1
    SLICE_X6Y83.BI       net (fanout=2)        0.117   encryption/DataOut<1>
    SLICE_X6Y83.CLK      Tdh         (-Th)     0.146   Mram_result4_RAMD_O
                                                       Mram_result4_RAMB
    -------------------------------------------------  ---------------------------
    Total                                      0.112ns (-0.005ns logic, 0.117ns route)
                                                       (-4.5% logic, 104.5% route)

--------------------------------------------------------------------------------

Component Switching Limit Checks: NET "Clk_100M_BUFGP/IBUFG" PERIOD = 10 ns HIGH 5 ns;
--------------------------------------------------------------------------------
Slack: 7.766ns (period - min period limit)
  Period: 10.000ns
  Min period limit: 2.234ns (447.628MHz) (Trper_CLKA)
  Physical resource: Mram_userData/CLKARDCLK
  Logical resource: Mram_userData/CLKARDCLK
  Location pin: RAMB18_X0Y34.RDCLK
  Clock network: Clk_100M_BUFGP
--------------------------------------------------------------------------------
Slack: 7.900ns (period - (min low pulse limit / (low pulse / period)))
  Period: 10.000ns
  Low pulse: 5.000ns
  Low pulse limit: 1.050ns (Tmpw)
  Physical resource: N69/CLK
  Logical resource: Mram_result61/DP/CLK
  Location pin: SLICE_X6Y79.CLK
  Clock network: Clk_100M_BUFGP
--------------------------------------------------------------------------------
Slack: 7.900ns (period - (min high pulse limit / (high pulse / period)))
  Period: 10.000ns
  High pulse: 5.000ns
  High pulse limit: 1.050ns (Tmpw)
  Physical resource: N69/CLK
  Logical resource: Mram_result61/DP/CLK
  Location pin: SLICE_X6Y79.CLK
  Clock network: Clk_100M_BUFGP
--------------------------------------------------------------------------------


All constraints were met.


Data Sheet report:
-----------------
All values displayed in nanoseconds (ns)

Clock to Setup on destination clock Clk_100M
---------------+---------+---------+---------+---------+
               | Src:Rise| Src:Fall| Src:Rise| Src:Fall|
Source Clock   |Dest:Rise|Dest:Rise|Dest:Fall|Dest:Fall|
---------------+---------+---------+---------+---------+
Clk_100M       |    4.017|         |         |         |
---------------+---------+---------+---------+---------+


Timing summary:
---------------

Timing errors: 0  Score: 0  (Setup/Max: 0, Hold: 0)

Constraints cover 5352 paths, 0 nets, and 961 connections

Design statistics:
   Minimum period:   4.017ns{1}   (Maximum frequency: 248.942MHz)


------------------------------------Footnotes-----------------------------------
1)  The minimum period statistic assumes all single cycle delays.

Analysis completed Wed May 18 14:21:38 2016 
--------------------------------------------------------------------------------

Trace Settings:
-------------------------
Trace Settings 

Peak Memory Usage: 775 MB



