Release 14.7 - xst P.20131013 (lin64)
Copyright (c) 1995-2013 Xilinx, Inc.  All rights reserved.
--> 
Parameter TMPDIR set to xst/projnav.tmp


Total REAL time to Xst completion: 0.00 secs
Total CPU time to Xst completion: 0.04 secs
 
--> 
Parameter xsthdpdir set to xst


Total REAL time to Xst completion: 0.00 secs
Total CPU time to Xst completion: 0.04 secs
 
--> 
Reading design: DEA.prj

TABLE OF CONTENTS
  1) Synthesis Options Summary
  2) HDL Parsing
  3) HDL Elaboration
  4) HDL Synthesis
       4.1) HDL Synthesis Report
  5) Advanced HDL Synthesis
       5.1) Advanced HDL Synthesis Report
  6) Low Level Synthesis
  7) Partition Report
  8) Design Summary
       8.1) Primitive and Black Box Usage
       8.2) Device utilization summary
       8.3) Partition Resource Summary
       8.4) Timing Report
            8.4.1) Clock Information
            8.4.2) Asynchronous Control Signals Information
            8.4.3) Timing Summary
            8.4.4) Timing Details
            8.4.5) Cross Clock Domains Report


=========================================================================
*                      Synthesis Options Summary                        *
=========================================================================
---- Source Parameters
Input File Name                    : "DEA.prj"
Ignore Synthesis Constraint File   : NO

---- Target Parameters
Output File Name                   : "DEA"
Output Format                      : NGC
Target Device                      : xc7a100t-3-csg324

---- Source Options
Top Module Name                    : DEA
Automatic FSM Extraction           : YES
FSM Encoding Algorithm             : Auto
Safe Implementation                : No
FSM Style                          : LUT
RAM Extraction                     : Yes
RAM Style                          : Auto
ROM Extraction                     : Yes
Shift Register Extraction          : YES
ROM Style                          : Auto
Resource Sharing                   : YES
Asynchronous To Synchronous        : NO
Shift Register Minimum Size        : 2
Use DSP Block                      : Auto
Automatic Register Balancing       : No

---- Target Options
LUT Combining                      : Auto
Reduce Control Sets                : Auto
Add IO Buffers                     : YES
Global Maximum Fanout              : 100000
Add Generic Clock Buffer(BUFG)     : 32
Register Duplication               : YES
Optimize Instantiated Primitives   : NO
Use Clock Enable                   : Auto
Use Synchronous Set                : Auto
Use Synchronous Reset              : Auto
Pack IO Registers into IOBs        : Auto
Equivalent register Removal        : YES

---- General Options
Optimization Goal                  : Speed
Optimization Effort                : 1
Power Reduction                    : NO
Keep Hierarchy                     : No
Netlist Hierarchy                  : As_Optimized
RTL Output                         : Yes
Global Optimization                : AllClockNets
Read Cores                         : YES
Write Timing Constraints           : NO
Cross Clock Analysis               : NO
Hierarchy Separator                : /
Bus Delimiter                      : <>
Case Specifier                     : Maintain
Slice Utilization Ratio            : 100
BRAM Utilization Ratio             : 100
DSP48 Utilization Ratio            : 100
Auto BRAM Packing                  : NO
Slice Utilization Ratio Delta      : 5

=========================================================================


=========================================================================
*                          HDL Parsing                                  *
=========================================================================
Analyzing Verilog file "/home/bluelabuser/temp/yoda/DEA/UART_Receiver.v" into library work
Parsing module <UART_Receiver>.
Analyzing Verilog file "/home/bluelabuser/temp/yoda/DEA/Encryption.v" into library work
Parsing module <Encryption>.
Analyzing Verilog file "/home/bluelabuser/temp/yoda/DEA/Debounce.v" into library work
Parsing module <Debounce>.
Analyzing Verilog file "/home/bluelabuser/temp/yoda/DEA/DEA.v" into library work
Parsing module <DEA>.

=========================================================================
*                            HDL Elaboration                            *
=========================================================================

Elaborating module <DEA>.
WARNING:HDLCompiler:1127 - "/home/bluelabuser/temp/yoda/DEA/DEA.v" Line 173: Assignment to encrypt_Ack ignored, since the identifier is never used

Elaborating module <UART_Receiver(N=14,Full=14'b10011100001111)>.

Elaborating module <Debounce>.

Elaborating module <Encryption>.
WARNING:HDLCompiler:189 - "/home/bluelabuser/temp/yoda/DEA/DEA.v" Line 252: Size mismatch in connection of port <key>. Formal port size is 8-bit while actual signal size is 1-bit.
WARNING:HDLCompiler:634 - "/home/bluelabuser/temp/yoda/DEA/DEA.v" Line 250: Net <startEncryption> does not have a driver.
WARNING:HDLCompiler:634 - "/home/bluelabuser/temp/yoda/DEA/DEA.v" Line 252: Net <byteOfkey> does not have a driver.

=========================================================================
*                           HDL Synthesis                               *
=========================================================================

Synthesizing Unit <DEA>.
    Related source file is "/home/bluelabuser/temp/yoda/DEA/DEA.v".
WARNING:Xst:653 - Signal <startEncryption> is used but never assigned. This sourceless signal will be automatically connected to value GND.
WARNING:Xst:653 - Signal <byteOfkey> is used but never assigned. This sourceless signal will be automatically connected to value GND.
WARNING:Xst:3035 - Index value(s) does not match array range for signal <result>, simulation mismatch.
    Found 100x8-bit dual-port RAM <Mram_result> for signal <result>.
    Found 8-bit register for signal <charCount>.
    Found 1-bit register for signal <Rx_Ack>.
    Found 1-bit register for signal <receivingData>.
    Found 8-bit register for signal <sizeOfDataInByte>.
    Found 1-bit register for signal <prevBusyState>.
    Found 1-bit register for signal <prevCharBtnPreviousState>.
    Found 1-bit register for signal <nextCharBtnPreviousState>.
    Found 8-bit register for signal <index>.
    Found 8-bit register for signal <byteOfUserData>.
    Found 8-bit register for signal <currentCharIndex>.
    Found 9-bit subtractor for signal <GND_1_o_GND_1_o_sub_5_OUT> created at line 100.
    Found 8-bit subtractor for signal <sizeOfDataInByte[7]_GND_1_o_sub_28_OUT> created at line 151.
    Found 8-bit subtractor for signal <currentCharIndex[7]_GND_1_o_sub_29_OUT> created at line 153.
    Found 8-bit adder for signal <charCount[7]_GND_1_o_add_3_OUT> created at line 97.
    Found 8-bit adder for signal <currentCharIndex[7]_GND_1_o_add_35_OUT> created at line 165.
    Found 8-bit adder for signal <index[7]_GND_1_o_add_59_OUT> created at line 199.
WARNING:Xst:3035 - Index value(s) does not match array range for signal <userData>, simulation mismatch.
    Found 100x8-bit dual-port RAM <Mram_userData> for signal <userData>.
    Found 32-bit comparator not equal for signal <GND_1_o_GND_1_o_equal_6_o> created at line 100
    Found 32-bit comparator equal for signal <GND_1_o_GND_1_o_equal_35_o> created at line 162
    Found 8-bit comparator greater for signal <index[7]_sizeOfDataInByte[7]_LessThan_54_o> created at line 192
    Summary:
	inferred   3 RAM(s).
	inferred   4 Adder/Subtractor(s).
	inferred  45 D-type flip-flop(s).
	inferred   3 Comparator(s).
	inferred   5 Multiplexer(s).
Unit <DEA> synthesized.

Synthesizing Unit <UART_Receiver>.
    Related source file is "/home/bluelabuser/temp/yoda/DEA/UART_Receiver.v".
        N = 14
        Full = 14'b10011100001111
    Found 1-bit register for signal <tAck>.
    Found 1-bit register for signal <tReset>.
    Found 8-bit register for signal <Data>.
    Found 1-bit register for signal <Ready>.
    Found 1-bit register for signal <NewData>.
    Found 14-bit register for signal <Count>.
    Found 2-bit register for signal <State>.
    Found 3-bit register for signal <BitCount>.
    Found 8-bit register for signal <Temp>.
    Found 1-bit register for signal <tRx>.
    Found finite state machine <FSM_0> for signal <State>.
    -----------------------------------------------------------------------
    | States             | 4                                              |
    | Transitions        | 14                                             |
    | Inputs             | 6                                              |
    | Outputs            | 4                                              |
    | Clock              | Clk (rising_edge)                              |
    | Reset              | tReset_tAck_OR_39_o (positive)                 |
    | Reset type         | synchronous                                    |
    | Reset State        | 00                                             |
    | Encoding           | auto                                           |
    | Implementation     | LUT                                            |
    -----------------------------------------------------------------------
    Found 14-bit subtractor for signal <Count[13]_GND_3_o_sub_27_OUT> created at line 128.
    Found 3-bit adder for signal <BitCount[2]_GND_3_o_add_18_OUT> created at line 122.
    Summary:
	inferred   2 Adder/Subtractor(s).
	inferred  38 D-type flip-flop(s).
	inferred   6 Multiplexer(s).
	inferred   1 Finite State Machine(s).
Unit <UART_Receiver> synthesized.

Synthesizing Unit <Debounce>.
    Related source file is "/home/bluelabuser/temp/yoda/DEA/Debounce.v".
    Found 1-bit register for signal <Delaying>.
    Found 22-bit register for signal <DeadTime>.
    Found 1-bit register for signal <NextState>.
    Found 22-bit adder for signal <DeadTime[21]_GND_4_o_add_5_OUT> created at line 38.
    Found 1-bit comparator not equal for signal <n0000> created at line 30
    Summary:
	inferred   1 Adder/Subtractor(s).
	inferred  24 D-type flip-flop(s).
	inferred   1 Comparator(s).
Unit <Debounce> synthesized.

Synthesizing Unit <Encryption>.
    Related source file is "/home/bluelabuser/temp/yoda/DEA/Encryption.v".
    Found 8-bit register for signal <DataOut>.
    WARNING:Xst:2404 -  FFs/Latches <Ready<0:0>> (without init value) have a constant value of 1 in block <Encryption>.
    Summary:
	inferred   8 D-type flip-flop(s).
Unit <Encryption> synthesized.

=========================================================================
HDL Synthesis Report

Macro Statistics
# RAMs                                                 : 3
 100x8-bit dual-port RAM                               : 3
# Adders/Subtractors                                   : 8
 14-bit subtractor                                     : 1
 22-bit adder                                          : 2
 3-bit adder                                           : 1
 8-bit adder                                           : 2
 8-bit addsub                                          : 1
 9-bit subtractor                                      : 1
# Registers                                            : 26
 1-bit register                                        : 14
 14-bit register                                       : 1
 22-bit register                                       : 2
 3-bit register                                        : 1
 8-bit register                                        : 8
# Comparators                                          : 5
 1-bit comparator not equal                            : 2
 32-bit comparator equal                               : 1
 32-bit comparator not equal                           : 1
 8-bit comparator greater                              : 1
# Multiplexers                                         : 11
 1-bit 2-to-1 multiplexer                              : 3
 14-bit 2-to-1 multiplexer                             : 5
 3-bit 2-to-1 multiplexer                              : 1
 8-bit 2-to-1 multiplexer                              : 2
# FSMs                                                 : 1
# Xors                                                 : 8
 1-bit xor2                                            : 8

=========================================================================
INFO:Xst:1767 - HDL ADVISOR - Resource sharing has identified that some arithmetic operations in this design can share the same physical resources for reduced device utilization. For improved clock frequency you may try to disable resource sharing.

=========================================================================
*                       Advanced HDL Synthesis                          *
=========================================================================


Synthesizing (advanced) Unit <DEA>.
The following registers are absorbed into counter <index>: 1 register on signal <index>.
The following registers are absorbed into counter <charCount>: 1 register on signal <charCount>.
INFO:Xst:3226 - The RAM <Mram_userData> will be implemented as a BLOCK RAM, absorbing the following register(s): <byteOfUserData>
    -----------------------------------------------------------------------
    | ram_type           | Block                               |          |
    -----------------------------------------------------------------------
    | Port A                                                              |
    |     aspect ratio   | 100-word x 8-bit                    |          |
    |     mode           | read-first                          |          |
    |     clkA           | connected to signal <Clk_100M>      | rise     |
    |     weA            | connected to signal <receivingData_GND_1_o_MUX_18_o_0_0> | high     |
    |     addrA          | connected to signal <charCount<6:0>> |          |
    |     diA            | connected to signal <Rx_Data>       |          |
    -----------------------------------------------------------------------
    | optimization       | speed                               |          |
    -----------------------------------------------------------------------
    | Port B                                                              |
    |     aspect ratio   | 100-word x 8-bit                    |          |
    |     mode           | write-first                         |          |
    |     clkB           | connected to signal <Clk_100M>      | rise     |
    |     enB            | connected to internal node          | low      |
    |     addrB          | connected to signal <index<6:0>>    |          |
    |     doB            | connected to signal <byteOfUserData> |          |
    -----------------------------------------------------------------------
    | optimization       | speed                               |          |
    -----------------------------------------------------------------------
INFO:Xst:3218 - HDL ADVISOR - The RAM <Mram_result> will be implemented on LUTs either because you have described an asynchronous read or because of currently unsupported block RAM features. If you have described an asynchronous read, making it synchronous would allow you to take advantage of available block RAM resources, for optimized device usage and improved timings. Please refer to your documentation for coding guidelines.
    -----------------------------------------------------------------------
    | ram_type           | Distributed                         |          |
    -----------------------------------------------------------------------
    | Port A                                                              |
    |     aspect ratio   | 100-word x 8-bit                    |          |
    |     clkA           | connected to signal <Clk_100M>      | rise     |
    |     weA            | connected to internal node          | high     |
    |     addrA          | connected to signal <index<6:0>>    |          |
    |     diA            | connected to signal <encrypt_Data>  |          |
    -----------------------------------------------------------------------
    | Port B                                                              |
    |     aspect ratio   | 100-word x 8-bit                    |          |
    |     addrB          | connected to signal <currentCharIndex<6:0>> |          |
    |     doB            | connected to signal <LEDs>          |          |
    -----------------------------------------------------------------------
INFO:Xst:3218 - HDL ADVISOR - The RAM <Mram_userData1> will be implemented on LUTs either because you have described an asynchronous read or because of currently unsupported block RAM features. If you have described an asynchronous read, making it synchronous would allow you to take advantage of available block RAM resources, for optimized device usage and improved timings. Please refer to your documentation for coding guidelines.
    -----------------------------------------------------------------------
    | ram_type           | Distributed                         |          |
    -----------------------------------------------------------------------
    | Port A                                                              |
    |     aspect ratio   | 100-word x 8-bit                    |          |
    |     clkA           | connected to signal <Clk_100M>      | rise     |
    |     weA            | connected to signal <receivingData_GND_1_o_MUX_18_o_0_1> | high     |
    |     addrA          | connected to signal <charCount<6:0>> |          |
    |     diA            | connected to signal <Rx_Data>       |          |
    -----------------------------------------------------------------------
    | Port B                                                              |
    |     aspect ratio   | 100-word x 8-bit                    |          |
    |     addrB          | connected to signal <currentCharIndex<6:0>> |          |
    |     doB            | connected to signal <LEDs>          |          |
    -----------------------------------------------------------------------
Unit <DEA> synthesized (advanced).

Synthesizing (advanced) Unit <Debounce>.
The following registers are absorbed into counter <DeadTime>: 1 register on signal <DeadTime>.
Unit <Debounce> synthesized (advanced).

Synthesizing (advanced) Unit <UART_Receiver>.
The following registers are absorbed into counter <Count>: 1 register on signal <Count>.
Unit <UART_Receiver> synthesized (advanced).

=========================================================================
Advanced HDL Synthesis Report

Macro Statistics
# RAMs                                                 : 3
 100x8-bit dual-port block RAM                         : 1
 100x8-bit dual-port distributed RAM                   : 2
# Adders/Subtractors                                   : 3
 3-bit adder                                           : 1
 8-bit addsub                                          : 1
 9-bit subtractor                                      : 1
# Counters                                             : 5
 14-bit down counter                                   : 1
 22-bit up counter                                     : 2
 8-bit up counter                                      : 2
# Registers                                            : 57
 Flip-Flops                                            : 57
# Comparators                                          : 5
 1-bit comparator not equal                            : 2
 32-bit comparator equal                               : 1
 32-bit comparator not equal                           : 1
 8-bit comparator greater                              : 1
# Multiplexers                                         : 9
 1-bit 2-to-1 multiplexer                              : 2
 14-bit 2-to-1 multiplexer                             : 4
 3-bit 2-to-1 multiplexer                              : 1
 8-bit 2-to-1 multiplexer                              : 2
# FSMs                                                 : 1
# Xors                                                 : 8
 1-bit xor2                                            : 8

=========================================================================

=========================================================================
*                         Low Level Synthesis                           *
=========================================================================
Analyzing FSM <MFsm> for best encoding.
Optimizing FSM <receiver/FSM_0> on signal <State[1:2]> with gray encoding.
-------------------
 State | Encoding
-------------------
 00    | 00
 10    | 01
 01    | 11
 11    | 10
-------------------

Optimizing unit <Encryption> ...

Optimizing unit <DEA> ...

Optimizing unit <UART_Receiver> ...

Mapping all equations...
Building and optimizing final netlist ...
Found area constraint ratio of 100 (+ 5) on block DEA, actual ratio is 0.

Final Macro Processing ...

=========================================================================
Final Register Report

Macro Statistics
# Registers                                            : 133
 Flip-Flops                                            : 133

=========================================================================

=========================================================================
*                           Partition Report                            *
=========================================================================

Partition Implementation Status
-------------------------------

  No Partitions were found in this design.

-------------------------------

=========================================================================
*                            Design Summary                             *
=========================================================================

Top Level Output File Name         : DEA.ngc

Primitive and Black Box Usage:
------------------------------
# BELS                             : 370
#      GND                         : 1
#      INV                         : 19
#      LUT1                        : 57
#      LUT2                        : 9
#      LUT3                        : 37
#      LUT4                        : 12
#      LUT5                        : 25
#      LUT6                        : 64
#      MUXCY                       : 69
#      MUXF7                       : 2
#      VCC                         : 1
#      XORCY                       : 74
# FlipFlops/Latches                : 133
#      FD                          : 15
#      FDE                         : 68
#      FDR                         : 22
#      FDRE                        : 28
# RAMS                             : 17
#      RAM64M                      : 8
#      RAM64X1D                    : 8
#      RAMB18E1                    : 1
# Clock Buffers                    : 1
#      BUFGP                       : 1
# IO Buffers                       : 20
#      IBUF                        : 4
#      OBUF                        : 16

Device utilization summary:
---------------------------

Selected Device : 7a100tcsg324-3 


Slice Logic Utilization: 
 Number of Slice Registers:             133  out of  126800     0%  
 Number of Slice LUTs:                  271  out of  63400     0%  
    Number used as Logic:               223  out of  63400     0%  
    Number used as Memory:               48  out of  19000     0%  
       Number used as RAM:               48

Slice Logic Distribution: 
 Number of LUT Flip Flop pairs used:    301
   Number with an unused Flip Flop:     168  out of    301    55%  
   Number with an unused LUT:            30  out of    301     9%  
   Number of fully used LUT-FF pairs:   103  out of    301    34%  
   Number of unique control sets:        17

IO Utilization: 
 Number of IOs:                          22
 Number of bonded IOBs:                  21  out of    210    10%  

Specific Feature Utilization:
 Number of Block RAM/FIFO:                1  out of    135     0%  
    Number using Block RAM only:          1
 Number of BUFG/BUFGCTRLs:                1  out of     32     3%  

---------------------------
Partition Resource Summary:
---------------------------

  No Partitions were found in this design.

---------------------------


=========================================================================
Timing Report

NOTE: THESE TIMING NUMBERS ARE ONLY A SYNTHESIS ESTIMATE.
      FOR ACCURATE TIMING INFORMATION PLEASE REFER TO THE TRACE REPORT
      GENERATED AFTER PLACE-and-ROUTE.

Clock Information:
------------------
-----------------------------------+------------------------+-------+
Clock Signal                       | Clock buffer(FF name)  | Load  |
-----------------------------------+------------------------+-------+
Clk_100M                           | BUFGP                  | 150   |
-----------------------------------+------------------------+-------+

Asynchronous Control Signals Information:
----------------------------------------
-------------------------------------------------------------------------+------------------------+-------+
Control Signal                                                           | Buffer(FF name)        | Load  |
-------------------------------------------------------------------------+------------------------+-------+
receivingData_GND_1_o_MUX_18_o_0_0(receivingData_GND_1_o_MUX_18_o_0_02:O)| NONE(Mram_userData)    | 2     |
-------------------------------------------------------------------------+------------------------+-------+

Timing Summary:
---------------
Speed Grade: -3

   Minimum period: 3.027ns (Maximum Frequency: 330.327MHz)
   Minimum input arrival time before clock: 1.558ns
   Maximum output required time after clock: 2.125ns
   Maximum combinational path delay: No path found

Timing Details:
---------------
All values displayed in nanoseconds (ns)

=========================================================================
Timing constraint: Default period analysis for Clock 'Clk_100M'
  Clock period: 3.027ns (frequency: 330.327MHz)
  Total number of paths / destination ports: 4362 / 471
-------------------------------------------------------------------------
Delay:               3.027ns (Levels of Logic = 4)
  Source:            index_6 (FF)
  Destination:       Mram_result2 (RAM)
  Source Clock:      Clk_100M rising
  Destination Clock: Clk_100M rising

  Data Path: index_6 to Mram_result2
                                Gate     Net
    Cell:in->out      fanout   Delay   Delay  Logical Name (Net Name)
    ----------------------------------------  ------------
     FDE:C->Q              6   0.361   0.706  index_6 (index_6)
     LUT6:I1->O            2   0.097   0.383  index[7]_sizeOfDataInByte[7]_LessThan_54_o1_SW2 (N27)
     LUT6:I4->O            1   0.097   0.000  index[7]_encrypt_Ready_AND_4_o31_G (N86)
     MUXF7:I1->O           3   0.279   0.305  index[7]_encrypt_Ready_AND_4_o31 (index[7]_encrypt_Ready_AND_4_o3)
     LUT3:I2->O            4   0.097   0.293  write_ctrl3 (write_ctrl3)
     RAM64M:WE                 0.408          Mram_result5
    ----------------------------------------
    Total                      3.027ns (1.339ns logic, 1.688ns route)
                                       (44.2% logic, 55.8% route)

=========================================================================
Timing constraint: Default OFFSET IN BEFORE for Clock 'Clk_100M'
  Total number of paths / destination ports: 81 / 81
-------------------------------------------------------------------------
Offset:              1.558ns (Levels of Logic = 2)
  Source:            Reset (PAD)
  Destination:       currentCharIndex_4 (FF)
  Destination Clock: Clk_100M rising

  Data Path: Reset to currentCharIndex_4
                                Gate     Net
    Cell:in->out      fanout   Delay   Delay  Logical Name (Net Name)
    ----------------------------------------  ------------
     IBUF:I->O            27   0.001   0.799  Reset_IBUF (Reset_IBUF)
     LUT6:I0->O            8   0.097   0.311  Reset_OR_DriverANDClockEnable1 (Reset_OR_DriverANDClockEnable)
     FDRE:R                    0.349          currentCharIndex_7
    ----------------------------------------
    Total                      1.558ns (0.447ns logic, 1.111ns route)
                                       (28.7% logic, 71.3% route)

=========================================================================
Timing constraint: Default OFFSET OUT AFTER for Clock 'Clk_100M'
  Total number of paths / destination ports: 96 / 16
-------------------------------------------------------------------------
Offset:              2.125ns (Levels of Logic = 2)
  Source:            Mram_result2 (RAM)
  Destination:       LEDs<13> (PAD)
  Source Clock:      Clk_100M rising

  Data Path: Mram_result2 to LEDs<13>
                                Gate     Net
    Cell:in->out      fanout   Delay   Delay  Logical Name (Net Name)
    ----------------------------------------  ------------
     RAM64M:WCLK->DOC      1   1.369   0.379  Mram_result2 (N49)
     LUT3:I1->O            1   0.097   0.279  inst_LPM_MUX1311 (LEDs_13_OBUF)
     OBUF:I->O                 0.000          LEDs_13_OBUF (LEDs<13>)
    ----------------------------------------
    Total                      2.125ns (1.466ns logic, 0.659ns route)
                                       (69.0% logic, 31.0% route)

=========================================================================

Cross Clock Domains Report:
--------------------------

Clock to Setup on destination clock Clk_100M
---------------+---------+---------+---------+---------+
               | Src:Rise| Src:Fall| Src:Rise| Src:Fall|
Source Clock   |Dest:Rise|Dest:Rise|Dest:Fall|Dest:Fall|
---------------+---------+---------+---------+---------+
Clk_100M       |    3.027|         |         |         |
---------------+---------+---------+---------+---------+

=========================================================================


Total REAL time to Xst completion: 9.00 secs
Total CPU time to Xst completion: 8.44 secs
 
--> 


Total memory usage is 507308 kilobytes

Number of errors   :    0 (   0 filtered)
Number of warnings :    9 (   0 filtered)
Number of infos    :    4 (   0 filtered)

