Release 14.7 - xst P.20131013 (lin64)
Copyright (c) 1995-2013 Xilinx, Inc.  All rights reserved.
--> 
Parameter TMPDIR set to xst/projnav.tmp


Total REAL time to Xst completion: 0.00 secs
Total CPU time to Xst completion: 0.05 secs
 
--> 
Parameter xsthdpdir set to xst


Total REAL time to Xst completion: 0.00 secs
Total CPU time to Xst completion: 0.05 secs
 
--> 
Reading design: DEA.prj

TABLE OF CONTENTS
  1) Synthesis Options Summary
  2) HDL Parsing
  3) HDL Elaboration
  4) HDL Synthesis
       4.1) HDL Synthesis Report
  5) Advanced HDL Synthesis
       5.1) Advanced HDL Synthesis Report
  6) Low Level Synthesis
  7) Partition Report
  8) Design Summary
       8.1) Primitive and Black Box Usage
       8.2) Device utilization summary
       8.3) Partition Resource Summary
       8.4) Timing Report
            8.4.1) Clock Information
            8.4.2) Asynchronous Control Signals Information
            8.4.3) Timing Summary
            8.4.4) Timing Details
            8.4.5) Cross Clock Domains Report


=========================================================================
*                      Synthesis Options Summary                        *
=========================================================================
---- Source Parameters
Input File Name                    : "DEA.prj"
Ignore Synthesis Constraint File   : NO

---- Target Parameters
Output File Name                   : "DEA"
Output Format                      : NGC
Target Device                      : xc7a100t-3-csg324

---- Source Options
Top Module Name                    : DEA
Automatic FSM Extraction           : YES
FSM Encoding Algorithm             : Auto
Safe Implementation                : No
FSM Style                          : LUT
RAM Extraction                     : Yes
RAM Style                          : Auto
ROM Extraction                     : Yes
Shift Register Extraction          : YES
ROM Style                          : Auto
Resource Sharing                   : YES
Asynchronous To Synchronous        : NO
Shift Register Minimum Size        : 2
Use DSP Block                      : Auto
Automatic Register Balancing       : No

---- Target Options
LUT Combining                      : Auto
Reduce Control Sets                : Auto
Add IO Buffers                     : YES
Global Maximum Fanout              : 100000
Add Generic Clock Buffer(BUFG)     : 32
Register Duplication               : YES
Optimize Instantiated Primitives   : NO
Use Clock Enable                   : Auto
Use Synchronous Set                : Auto
Use Synchronous Reset              : Auto
Pack IO Registers into IOBs        : Auto
Equivalent register Removal        : YES

---- General Options
Optimization Goal                  : Speed
Optimization Effort                : 1
Power Reduction                    : NO
Keep Hierarchy                     : No
Netlist Hierarchy                  : As_Optimized
RTL Output                         : Yes
Global Optimization                : AllClockNets
Read Cores                         : YES
Write Timing Constraints           : NO
Cross Clock Analysis               : NO
Hierarchy Separator                : /
Bus Delimiter                      : <>
Case Specifier                     : Maintain
Slice Utilization Ratio            : 100
BRAM Utilization Ratio             : 100
DSP48 Utilization Ratio            : 100
Auto BRAM Packing                  : NO
Slice Utilization Ratio Delta      : 5

=========================================================================


=========================================================================
*                          HDL Parsing                                  *
=========================================================================
Analyzing Verilog file "/home/bluelabuser/temp/yoda/DEA/UART_Receiver.v" into library work
Parsing module <UART_Receiver>.
Analyzing Verilog file "/home/bluelabuser/temp/yoda/DEA/Encryption.v" into library work
Parsing module <Encryption>.
Analyzing Verilog file "/home/bluelabuser/temp/yoda/DEA/Debounce.v" into library work
Parsing module <Debounce>.
Analyzing Verilog file "/home/bluelabuser/temp/yoda/DEA/DEA.v" into library work
Parsing module <DEA>.

=========================================================================
*                            HDL Elaboration                            *
=========================================================================

Elaborating module <DEA>.
WARNING:HDLCompiler:1127 - "/home/bluelabuser/temp/yoda/DEA/DEA.v" Line 174: Assignment to encrypt_Ack ignored, since the identifier is never used

Elaborating module <UART_Receiver(N=14,Full=14'b10011100001111)>.

Elaborating module <Debounce>.

Elaborating module <Encryption>.
WARNING:HDLCompiler:189 - "/home/bluelabuser/temp/yoda/DEA/DEA.v" Line 254: Size mismatch in connection of port <key>. Formal port size is 8-bit while actual signal size is 1-bit.
WARNING:HDLCompiler:634 - "/home/bluelabuser/temp/yoda/DEA/DEA.v" Line 252: Net <startEncryption> does not have a driver.
WARNING:HDLCompiler:634 - "/home/bluelabuser/temp/yoda/DEA/DEA.v" Line 254: Net <byteOfkey> does not have a driver.

=========================================================================
*                           HDL Synthesis                               *
=========================================================================

Synthesizing Unit <DEA>.
    Related source file is "/home/bluelabuser/temp/yoda/DEA/DEA.v".
WARNING:Xst:653 - Signal <startEncryption> is used but never assigned. This sourceless signal will be automatically connected to value GND.
WARNING:Xst:653 - Signal <byteOfkey> is used but never assigned. This sourceless signal will be automatically connected to value GND.
WARNING:Xst:3035 - Index value(s) does not match array range for signal <result>, simulation mismatch.
    Found 100x8-bit dual-port RAM <Mram_result> for signal <result>.
    Found 8-bit register for signal <charCount>.
    Found 1-bit register for signal <Rx_Ack>.
    Found 1-bit register for signal <receivingData>.
    Found 8-bit register for signal <sizeOfDataInByte>.
    Found 1-bit register for signal <prevBusyState>.
    Found 1-bit register for signal <prevCharBtnPreviousState>.
    Found 1-bit register for signal <nextCharBtnPreviousState>.
    Found 8-bit register for signal <index>.
    Found 8-bit register for signal <byteOfUserData>.
    Found 8-bit register for signal <currentCharIndex>.
    Found 9-bit subtractor for signal <GND_1_o_GND_1_o_sub_5_OUT> created at line 100.
    Found 8-bit subtractor for signal <currentCharIndex[7]_GND_1_o_sub_27_OUT> created at line 154.
    Found 8-bit adder for signal <charCount[7]_GND_1_o_add_3_OUT> created at line 97.
    Found 8-bit adder for signal <currentCharIndex[7]_GND_1_o_add_31_OUT> created at line 166.
    Found 8-bit adder for signal <index[7]_GND_1_o_add_54_OUT> created at line 201.
WARNING:Xst:3035 - Index value(s) does not match array range for signal <userData>, simulation mismatch.
    Found 100x8-bit dual-port RAM <Mram_userData> for signal <userData>.
    Found 32-bit comparator not equal for signal <GND_1_o_GND_1_o_equal_6_o> created at line 100
    Found 8-bit comparator greater for signal <index[7]_sizeOfDataInByte[7]_LessThan_49_o> created at line 194
    ERROR:Xst:2817 - "/home/bluelabuser/temp/yoda/DEA/DEA.v" line 166: Operator <MODULO> is only supported when the second operand is a power of 2
    Summary:
	inferred   3 RAM(s).
	inferred   5 Adder/Subtractor(s).
	inferred  45 D-type flip-flop(s).
	inferred   2 Comparator(s).
	inferred   4 Multiplexer(s).
Unit <DEA> synthesized.
--> 


Total memory usage is 428580 kilobytes

Number of errors   :    1 (   0 filtered)
Number of warnings :    8 (   0 filtered)
Number of infos    :    0 (   0 filtered)

